
> react-kavia@0.1.0 start
> react-scripts start

(node:23554) [DEP_WEBPACK_DEV_SERVER_ON_AFTER_SETUP_MIDDLEWARE] DeprecationWarning: 'onAfterSetupMiddleware' option is deprecated. Please use the 'setupMiddlewares' option.
(Use `node --trace-deprecation ...` to show where the warning was created)
(node:23554) [DEP_WEBPACK_DEV_SERVER_ON_BEFORE_SETUP_MIDDLEWARE] DeprecationWarning: 'onBeforeSetupMiddleware' option is deprecated. Please use the 'setupMiddlewares' option.
Starting the development server...

Compiled with warnings.

[eslint] 
src/App.js
  Line 108:12:  'HabitCard' is defined but never used              no-unused-vars
  Line 387:25:  'streakLength' is assigned a value but never used  no-unused-vars

Search for the keywords to learn more about each warning.
To ignore, add // eslint-disable-next-line to the line before.

WARNING in [eslint] 
src/App.js
  Line 108:12:  'HabitCard' is defined but never used              no-unused-vars
  Line 387:25:  'streakLength' is assigned a value but never used  no-unused-vars

webpack compiled with 1 warning
Compiling...
Compiled with warnings.

[eslint] 
src/App.js
  Line 108:12:  'HabitCard' is defined but never used              no-unused-vars
  Line 387:25:  'streakLength' is assigned a value but never used  no-unused-vars

src/HabitsList.js
  Line 1:17:  'useMemo' is defined but never used  no-unused-vars

Search for the keywords to learn more about each warning.
To ignore, add // eslint-disable-next-line to the line before.

WARNING in [eslint] 
src/App.js
  Line 108:12:  'HabitCard' is defined but never used              no-unused-vars
  Line 387:25:  'streakLength' is assigned a value but never used  no-unused-vars

src/HabitsList.js
  Line 1:17:  'useMemo' is defined but never used  no-unused-vars

webpack compiled with 1 warning
Compiling...
Compiled with warnings.

[eslint] 
src/App.js
  Line 108:12:  'HabitCard' is defined but never used              no-unused-vars
  Line 387:25:  'streakLength' is assigned a value but never used  no-unused-vars

src/HabitsList.js
  Line 1:17:  'useMemo' is defined but never used  no-unused-vars

Search for the keywords to learn more about each warning.
To ignore, add // eslint-disable-next-line to the line before.

WARNING in [eslint] 
src/App.js
  Line 108:12:  'HabitCard' is defined but never used              no-unused-vars
  Line 387:25:  'streakLength' is assigned a value but never used  no-unused-vars

src/HabitsList.js
  Line 1:17:  'useMemo' is defined but never used  no-unused-vars

webpack compiled with 1 warning
